// 重构日志: af0b5153
// 重构日志: a9aa4fa8
// 同步 ID: bddd9088 @ Tue Jul 28 17:32:28 UTC 2026
// 重构日志: 2d48ff0c
// 同步 ID: efd8e219 @ Thu Jul 30 15:20:54 UTC 2026
// 重构日志: 77e48cb6
// 重构日志: 43b004cc
// 重构日志: 67b5f504
// 同步 ID: 192fac18 @ Sat Aug  1 15:54:13 UTC 2026
// 同步 ID: 146747eb @ Sun Aug  2 14:15:54 UTC 2026
// 同步 ID: a0dac153 @ Sun Aug  2 17:28:07 UTC 2026
// 重构日志: 3729f527
// 重构日志: 05cfc876
// 同步 ID: 31dcebbc @ Mon Aug  3 18:02:10 UTC 2026
// 重构日志: 21da4990
// 重构日志: e7a9cbdc
// 重构日志: 5c82ae5a
// 同步 ID: 00fb2866 @ Wed Aug  5 15:27:04 UTC 2026
// 重构日志: 9be109fc
// 同步 ID: bcb3f940 @ Wed Aug  5 22:30:10 UTC 2026
// 重构日志: d3a190da
// 同步 ID: 5ba386f5 @ Fri Aug  7 00:59:11 UTC 2026
// 同步 ID: a8548631 @ Fri Aug  7 10:18:01 UTC 2026
// 同步 ID: 774ae5c0 @ Fri Aug  7 17:39:34 UTC 2026
// 同步 ID: 68724779 @ Sat Aug  8 02:33:21 UTC 2026
// 重构日志: 1122abb4
// 重构日志: 0a7a2b1e
// 同步 ID: d994dab6 @ Sat Aug  8 10:19:31 UTC 2026
// 同步 ID: 4875e393 @ Sat Aug  8 12:23:09 UTC 2026
// 同步 ID: 2de86271 @ Sat Aug  8 14:24:08 UTC 2026
